[2026-02-04T05:53:32.992+0800][0.006s][info][gc] Using G1
[2026-02-04T05:53:32.993+0800][0.007s][info][gc,init] Version: 17.0.18+8-LTS (release)
[2026-02-04T05:53:32.994+0800][0.007s][info][gc,init] CPUs: 10 total, 10 available
[2026-02-04T05:53:32.994+0800][0.007s][info][gc,init] Memory: 16384M
[2026-02-04T05:53:32.994+0800][0.007s][info][gc,init] Large Page Support: Disabled
[2026-02-04T05:53:32.994+0800][0.007s][info][gc,init] NUMA Support: Disabled
[2026-02-04T05:53:32.994+0800][0.007s][info][gc,init] Compressed Oops: Enabled (Zero based)
[2026-02-04T05:53:32.994+0800][0.007s][info][gc,init] Heap Region Size: 1M
[2026-02-04T05:53:32.994+0800][0.007s][info][gc,init] Heap Min Capacity: 1G
[2026-02-04T05:53:32.994+0800][0.007s][info][gc,init] Heap Initial Capacity: 1G
[2026-02-04T05:53:32.994+0800][0.007s][info][gc,init] Heap Max Capacity: 1G
[2026-02-04T05:53:32.994+0800][0.007s][info][gc,init] Pre-touch: Disabled
[2026-02-04T05:53:32.994+0800][0.007s][info][gc,init] Parallel Workers: 9
[2026-02-04T05:53:32.994+0800][0.007s][info][gc,init] Concurrent Workers: 2
[2026-02-04T05:53:32.994+0800][0.007s][info][gc,init] Concurrent Refinement Workers: 9
[2026-02-04T05:53:32.994+0800][0.007s][info][gc,init] Periodic GC: Disabled
[2026-02-04T05:53:32.999+0800][0.013s][info][gc,metaspace] CDS archive(s) mapped at: [0x0000007000000000-0x0000007000bf0000-0x0000007000bf0000), size 12517376, SharedBaseAddress: 0x0000007000000000, ArchiveRelocationMode: 1.
[2026-02-04T05:53:32.999+0800][0.013s][info][gc,metaspace] Compressed class space mapped at: 0x0000007001000000-0x000000700e000000, reserved size: 218103808
[2026-02-04T05:53:32.999+0800][0.013s][info][gc,metaspace] Narrow klass base: 0x0000007000000000, Narrow klass shift: 0, Narrow klass range: 0x100000000
[2026-02-04T05:53:34.122+0800][1.136s][info][gc,start    ] GC(0) Pause Young (Normal) (G1 Evacuation Pause)
[2026-02-04T05:53:34.122+0800][1.136s][info][gc,task     ] GC(0) Using 9 workers of 9 for evacuation
[2026-02-04T05:53:34.142+0800][1.156s][info][gc,phases   ] GC(0)   Pre Evacuate Collection Set: 0.06ms
[2026-02-04T05:53:34.142+0800][1.156s][info][gc,phases   ] GC(0)   Merge Heap Roots: 0.07ms
[2026-02-04T05:53:34.142+0800][1.156s][info][gc,phases   ] GC(0)   Evacuate Collection Set: 18.56ms
[2026-02-04T05:53:34.142+0800][1.156s][info][gc,phases   ] GC(0)   Post Evacuate Collection Set: 1.02ms
[2026-02-04T05:53:34.142+0800][1.156s][info][gc,phases   ] GC(0)   Other: 0.19ms
[2026-02-04T05:53:34.142+0800][1.156s][info][gc,heap     ] GC(0) Eden regions: 341->0(298)
[2026-02-04T05:53:34.142+0800][1.156s][info][gc,heap     ] GC(0) Survivor regions: 0->43(43)
[2026-02-04T05:53:34.142+0800][1.156s][info][gc,heap     ] GC(0) Old regions: 0->89
[2026-02-04T05:53:34.142+0800][1.156s][info][gc,heap     ] GC(0) Archive regions: 2->2
[2026-02-04T05:53:34.142+0800][1.156s][info][gc,heap     ] GC(0) Humongous regions: 0->0
[2026-02-04T05:53:34.142+0800][1.156s][info][gc,metaspace] GC(0) Metaspace: 17173K(17344K)->17173K(17344K) NonClass: 15473K(15552K)->15473K(15552K) Class: 1699K(1792K)->1699K(1792K)
[2026-02-04T05:53:34.142+0800][1.156s][info][gc          ] GC(0) Pause Young (Normal) (G1 Evacuation Pause) 341M->132M(1024M) 19.964ms
[2026-02-04T05:53:34.142+0800][1.156s][info][gc,cpu      ] GC(0) User=0.09s Sys=0.06s Real=0.02s
[2026-02-04T07:38:25.228+0800][6292.281s][info][gc,start    ] GC(1) Pause Young (Normal) (G1 Evacuation Pause)
[2026-02-04T07:38:25.228+0800][6292.282s][info][gc,task     ] GC(1) Using 9 workers of 9 for evacuation
[2026-02-04T07:38:25.285+0800][6292.338s][info][gc,phases   ] GC(1)   Pre Evacuate Collection Set: 0.46ms
[2026-02-04T07:38:25.285+0800][6292.338s][info][gc,phases   ] GC(1)   Merge Heap Roots: 1.66ms
[2026-02-04T07:38:25.285+0800][6292.338s][info][gc,phases   ] GC(1)   Evacuate Collection Set: 52.11ms
[2026-02-04T07:38:25.285+0800][6292.338s][info][gc,phases   ] GC(1)   Post Evacuate Collection Set: 2.09ms
[2026-02-04T07:38:25.285+0800][6292.338s][info][gc,phases   ] GC(1)   Other: 0.46ms
[2026-02-04T07:38:25.285+0800][6292.338s][info][gc,heap     ] GC(1) Eden regions: 298->0(334)
[2026-02-04T07:38:25.285+0800][6292.338s][info][gc,heap     ] GC(1) Survivor regions: 43->7(43)
[2026-02-04T07:38:25.285+0800][6292.338s][info][gc,heap     ] GC(1) Old regions: 89->134
[2026-02-04T07:38:25.285+0800][6292.338s][info][gc,heap     ] GC(1) Archive regions: 2->2
[2026-02-04T07:38:25.285+0800][6292.338s][info][gc,heap     ] GC(1) Humongous regions: 0->0
[2026-02-04T07:38:25.285+0800][6292.338s][info][gc,metaspace] GC(1) Metaspace: 20848K(21184K)->20848K(21184K) NonClass: 18899K(19072K)->18899K(19072K) Class: 1948K(2112K)->1948K(2112K)
[2026-02-04T07:38:25.285+0800][6292.338s][info][gc          ] GC(1) Pause Young (Normal) (G1 Evacuation Pause) 430M->141M(1024M) 56.814ms
[2026-02-04T07:38:25.285+0800][6292.338s][info][gc,cpu      ] GC(1) User=0.10s Sys=0.22s Real=0.06s
[2026-02-04T07:43:20.073+0800][6587.127s][info][gc,heap,exit] Heap
[2026-02-04T07:43:20.073+0800][6587.127s][info][gc,heap,exit]  garbage-first heap   total 1048576K, used 166669K [0x00000007c0000000, 0x0000000800000000)
[2026-02-04T07:43:20.073+0800][6587.127s][info][gc,heap,exit]   region size 1024K, 29 young (29696K), 7 survivors (7168K)
[2026-02-04T07:43:20.073+0800][6587.127s][info][gc,heap,exit]  Metaspace       used 20857K, committed 21184K, reserved 278528K
[2026-02-04T07:43:20.073+0800][6587.127s][info][gc,heap,exit]   class space    used 1949K, committed 2112K, reserved 212992K
