<<<<<<< Updated upstream
[2026-02-04T01:26:18.995+0800][0.011s][info][gc] Using G1
[2026-02-04T01:26:18.996+0800][0.012s][info][gc,init] Version: 17.0.18+8-LTS (release)
[2026-02-04T01:26:18.996+0800][0.012s][info][gc,init] CPUs: 10 total, 10 available
[2026-02-04T01:26:18.996+0800][0.012s][info][gc,init] Memory: 16384M
[2026-02-04T01:26:18.996+0800][0.012s][info][gc,init] Large Page Support: Disabled
[2026-02-04T01:26:18.996+0800][0.012s][info][gc,init] NUMA Support: Disabled
[2026-02-04T01:26:18.996+0800][0.012s][info][gc,init] Compressed Oops: Enabled (Zero based)
[2026-02-04T01:26:18.996+0800][0.012s][info][gc,init] Heap Region Size: 1M
[2026-02-04T01:26:18.996+0800][0.012s][info][gc,init] Heap Min Capacity: 1G
[2026-02-04T01:26:18.996+0800][0.012s][info][gc,init] Heap Initial Capacity: 1G
[2026-02-04T01:26:18.996+0800][0.012s][info][gc,init] Heap Max Capacity: 1G
[2026-02-04T01:26:18.996+0800][0.012s][info][gc,init] Pre-touch: Disabled
[2026-02-04T01:26:18.996+0800][0.012s][info][gc,init] Parallel Workers: 9
[2026-02-04T01:26:18.996+0800][0.012s][info][gc,init] Concurrent Workers: 2
[2026-02-04T01:26:18.996+0800][0.012s][info][gc,init] Concurrent Refinement Workers: 9
[2026-02-04T01:26:18.996+0800][0.012s][info][gc,init] Periodic GC: Disabled
[2026-02-04T01:26:19.015+0800][0.031s][info][gc,metaspace] CDS archive(s) mapped at: [0x0000007000000000-0x0000007000bf0000-0x0000007000bf0000), size 12517376, SharedBaseAddress: 0x0000007000000000, ArchiveRelocationMode: 1.
[2026-02-04T01:26:19.015+0800][0.031s][info][gc,metaspace] Compressed class space mapped at: 0x0000007001000000-0x000000700e000000, reserved size: 218103808
[2026-02-04T01:26:19.015+0800][0.031s][info][gc,metaspace] Narrow klass base: 0x0000007000000000, Narrow klass shift: 0, Narrow klass range: 0x100000000
[2026-02-04T01:26:20.371+0800][1.386s][info][gc,start    ] GC(0) Pause Young (Normal) (G1 Evacuation Pause)
[2026-02-04T01:26:20.371+0800][1.386s][info][gc,task     ] GC(0) Using 9 workers of 9 for evacuation
[2026-02-04T01:26:20.395+0800][1.410s][info][gc,phases   ] GC(0)   Pre Evacuate Collection Set: 0.11ms
[2026-02-04T01:26:20.395+0800][1.410s][info][gc,phases   ] GC(0)   Merge Heap Roots: 0.06ms
[2026-02-04T01:26:20.395+0800][1.410s][info][gc,phases   ] GC(0)   Evacuate Collection Set: 22.55ms
[2026-02-04T01:26:20.395+0800][1.410s][info][gc,phases   ] GC(0)   Post Evacuate Collection Set: 1.21ms
[2026-02-04T01:26:20.395+0800][1.410s][info][gc,phases   ] GC(0)   Other: 0.28ms
[2026-02-04T01:26:20.395+0800][1.410s][info][gc,heap     ] GC(0) Eden regions: 341->0(298)
[2026-02-04T01:26:20.395+0800][1.410s][info][gc,heap     ] GC(0) Survivor regions: 0->43(43)
[2026-02-04T01:26:20.395+0800][1.410s][info][gc,heap     ] GC(0) Old regions: 0->89
[2026-02-04T01:26:20.395+0800][1.410s][info][gc,heap     ] GC(0) Archive regions: 2->2
[2026-02-04T01:26:20.395+0800][1.410s][info][gc,heap     ] GC(0) Humongous regions: 0->0
[2026-02-04T01:26:20.395+0800][1.410s][info][gc,metaspace] GC(0) Metaspace: 16958K(17152K)->16958K(17152K) NonClass: 15270K(15360K)->15270K(15360K) Class: 1687K(1792K)->1687K(1792K)
[2026-02-04T01:26:20.395+0800][1.410s][info][gc          ] GC(0) Pause Young (Normal) (G1 Evacuation Pause) 341M->132M(1024M) 24.294ms
[2026-02-04T01:26:20.395+0800][1.410s][info][gc,cpu      ] GC(0) User=0.10s Sys=0.05s Real=0.02s
[2026-02-04T02:16:45.556+0800][3004.580s][info][gc,heap,exit] Heap
[2026-02-04T02:16:45.557+0800][3004.581s][info][gc,heap,exit]  garbage-first heap   total 1048576K, used 332240K [0x00000007c0000000, 0x0000000800000000)
[2026-02-04T02:16:45.557+0800][3004.581s][info][gc,heap,exit]   region size 1024K, 235 young (240640K), 43 survivors (44032K)
[2026-02-04T02:16:45.557+0800][3004.581s][info][gc,heap,exit]  Metaspace       used 20768K, committed 21056K, reserved 278528K
[2026-02-04T02:16:45.557+0800][3004.581s][info][gc,heap,exit]   class space    used 1953K, committed 2112K, reserved 212992K
=======
[2026-02-06T17:40:48.231+0800][0.003s][info][gc] Using G1
[2026-02-06T17:40:48.232+0800][0.004s][info][gc,init] Version: 17.0.18+8-LTS (release)
[2026-02-06T17:40:48.232+0800][0.004s][info][gc,init] CPUs: 10 total, 10 available
[2026-02-06T17:40:48.233+0800][0.004s][info][gc,init] Memory: 16384M
[2026-02-06T17:40:48.233+0800][0.004s][info][gc,init] Large Page Support: Disabled
[2026-02-06T17:40:48.233+0800][0.004s][info][gc,init] NUMA Support: Disabled
[2026-02-06T17:40:48.233+0800][0.004s][info][gc,init] Compressed Oops: Enabled (Zero based)
[2026-02-06T17:40:48.233+0800][0.004s][info][gc,init] Heap Region Size: 1M
[2026-02-06T17:40:48.233+0800][0.004s][info][gc,init] Heap Min Capacity: 1G
[2026-02-06T17:40:48.233+0800][0.004s][info][gc,init] Heap Initial Capacity: 1G
[2026-02-06T17:40:48.233+0800][0.004s][info][gc,init] Heap Max Capacity: 1G
[2026-02-06T17:40:48.233+0800][0.004s][info][gc,init] Pre-touch: Disabled
[2026-02-06T17:40:48.233+0800][0.004s][info][gc,init] Parallel Workers: 9
[2026-02-06T17:40:48.233+0800][0.004s][info][gc,init] Concurrent Workers: 2
[2026-02-06T17:40:48.233+0800][0.004s][info][gc,init] Concurrent Refinement Workers: 9
[2026-02-06T17:40:48.233+0800][0.004s][info][gc,init] Periodic GC: Disabled
[2026-02-06T17:40:48.236+0800][0.007s][info][gc,metaspace] CDS archive(s) mapped at: [0x000000f800000000-0x000000f800bf0000-0x000000f800bf0000), size 12517376, SharedBaseAddress: 0x000000f800000000, ArchiveRelocationMode: 1.
[2026-02-06T17:40:48.236+0800][0.007s][info][gc,metaspace] Compressed class space mapped at: 0x000000f801000000-0x000000f80e000000, reserved size: 218103808
[2026-02-06T17:40:48.236+0800][0.007s][info][gc,metaspace] Narrow klass base: 0x000000f800000000, Narrow klass shift: 0, Narrow klass range: 0x100000000
[2026-02-06T18:04:03.763+0800][1395.519s][info][gc,heap,exit] Heap
[2026-02-06T18:04:03.763+0800][1395.519s][info][gc,heap,exit]  garbage-first heap   total 1048576K, used 261568K [0x00000007c0000000, 0x0000000800000000)
[2026-02-06T18:04:03.763+0800][1395.519s][info][gc,heap,exit]   region size 1024K, 255 young (261120K), 0 survivors (0K)
[2026-02-06T18:04:03.763+0800][1395.519s][info][gc,heap,exit]  Metaspace       used 14531K, committed 14784K, reserved 278528K
[2026-02-06T18:04:03.763+0800][1395.519s][info][gc,heap,exit]   class space    used 1332K, committed 1472K, reserved 212992K
>>>>>>> Stashed changes
