[2026-02-03T20:07:35.013+0800][0.006s][info][gc] Using G1
[2026-02-03T20:07:35.014+0800][0.008s][info][gc,init] Version: 17.0.18+8-LTS (release)
[2026-02-03T20:07:35.014+0800][0.008s][info][gc,init] CPUs: 10 total, 10 available
[2026-02-03T20:07:35.014+0800][0.008s][info][gc,init] Memory: 16384M
[2026-02-03T20:07:35.014+0800][0.008s][info][gc,init] Large Page Support: Disabled
[2026-02-03T20:07:35.014+0800][0.008s][info][gc,init] NUMA Support: Disabled
[2026-02-03T20:07:35.014+0800][0.008s][info][gc,init] Compressed Oops: Enabled (Zero based)
[2026-02-03T20:07:35.014+0800][0.008s][info][gc,init] Heap Region Size: 1M
[2026-02-03T20:07:35.014+0800][0.008s][info][gc,init] Heap Min Capacity: 1G
[2026-02-03T20:07:35.014+0800][0.008s][info][gc,init] Heap Initial Capacity: 1G
[2026-02-03T20:07:35.014+0800][0.008s][info][gc,init] Heap Max Capacity: 1G
[2026-02-03T20:07:35.014+0800][0.008s][info][gc,init] Pre-touch: Disabled
[2026-02-03T20:07:35.014+0800][0.008s][info][gc,init] Parallel Workers: 9
[2026-02-03T20:07:35.014+0800][0.008s][info][gc,init] Concurrent Workers: 2
[2026-02-03T20:07:35.014+0800][0.008s][info][gc,init] Concurrent Refinement Workers: 9
[2026-02-03T20:07:35.014+0800][0.008s][info][gc,init] Periodic GC: Disabled
[2026-02-03T20:07:35.019+0800][0.013s][info][gc,metaspace] CDS archive(s) mapped at: [0x0000007000000000-0x0000007000bf0000-0x0000007000bf0000), size 12517376, SharedBaseAddress: 0x0000007000000000, ArchiveRelocationMode: 1.
[2026-02-03T20:07:35.019+0800][0.013s][info][gc,metaspace] Compressed class space mapped at: 0x0000007001000000-0x000000700e000000, reserved size: 218103808
[2026-02-03T20:07:35.019+0800][0.013s][info][gc,metaspace] Narrow klass base: 0x0000007000000000, Narrow klass shift: 0, Narrow klass range: 0x100000000
[2026-02-03T20:07:36.266+0800][1.260s][info][gc,start    ] GC(0) Pause Young (Normal) (G1 Evacuation Pause)
[2026-02-03T20:07:36.267+0800][1.260s][info][gc,task     ] GC(0) Using 9 workers of 9 for evacuation
[2026-02-03T20:07:36.299+0800][1.293s][info][gc,phases   ] GC(0)   Pre Evacuate Collection Set: 0.08ms
[2026-02-03T20:07:36.299+0800][1.293s][info][gc,phases   ] GC(0)   Merge Heap Roots: 0.06ms
[2026-02-03T20:07:36.299+0800][1.293s][info][gc,phases   ] GC(0)   Evacuate Collection Set: 31.00ms
[2026-02-03T20:07:36.299+0800][1.293s][info][gc,phases   ] GC(0)   Post Evacuate Collection Set: 1.34ms
[2026-02-03T20:07:36.299+0800][1.293s][info][gc,phases   ] GC(0)   Other: 0.24ms
[2026-02-03T20:07:36.299+0800][1.293s][info][gc,heap     ] GC(0) Eden regions: 341->0(298)
[2026-02-03T20:07:36.299+0800][1.293s][info][gc,heap     ] GC(0) Survivor regions: 0->43(43)
[2026-02-03T20:07:36.299+0800][1.293s][info][gc,heap     ] GC(0) Old regions: 0->89
[2026-02-03T20:07:36.299+0800][1.293s][info][gc,heap     ] GC(0) Archive regions: 2->2
[2026-02-03T20:07:36.299+0800][1.293s][info][gc,heap     ] GC(0) Humongous regions: 0->0
[2026-02-03T20:07:36.299+0800][1.293s][info][gc,metaspace] GC(0) Metaspace: 17183K(17344K)->17183K(17344K) NonClass: 15480K(15552K)->15480K(15552K) Class: 1702K(1792K)->1702K(1792K)
[2026-02-03T20:07:36.299+0800][1.293s][info][gc          ] GC(0) Pause Young (Normal) (G1 Evacuation Pause) 341M->132M(1024M) 32.861ms
[2026-02-03T20:07:36.299+0800][1.293s][info][gc,cpu      ] GC(0) User=0.09s Sys=0.04s Real=0.03s
[2026-02-03T21:58:02.544+0800][6627.592s][info][gc,heap,exit] Heap
[2026-02-03T21:58:02.544+0800][6627.593s][info][gc,heap,exit]  garbage-first heap   total 1048576K, used 428936K [0x00000007c0000000, 0x0000000800000000)
[2026-02-03T21:58:02.544+0800][6627.593s][info][gc,heap,exit]   region size 1024K, 329 young (336896K), 43 survivors (44032K)
[2026-02-03T21:58:02.544+0800][6627.593s][info][gc,heap,exit]  Metaspace       used 20883K, committed 21184K, reserved 278528K
[2026-02-03T21:58:02.544+0800][6627.593s][info][gc,heap,exit]   class space    used 1946K, committed 2112K, reserved 212992K
