<<<<<<< Updated upstream
[2026-02-04T17:18:12.389+0800][0.030s][info][gc] Using G1
[2026-02-04T17:18:12.393+0800][0.034s][info][gc,init] Version: 17.0.18+8-LTS (release)
[2026-02-04T17:18:12.393+0800][0.034s][info][gc,init] CPUs: 10 total, 10 available
[2026-02-04T17:18:12.393+0800][0.034s][info][gc,init] Memory: 16384M
[2026-02-04T17:18:12.393+0800][0.034s][info][gc,init] Large Page Support: Disabled
[2026-02-04T17:18:12.393+0800][0.034s][info][gc,init] NUMA Support: Disabled
[2026-02-04T17:18:12.393+0800][0.034s][info][gc,init] Compressed Oops: Enabled (Zero based)
[2026-02-04T17:18:12.393+0800][0.034s][info][gc,init] Heap Region Size: 1M
[2026-02-04T17:18:12.393+0800][0.034s][info][gc,init] Heap Min Capacity: 1G
[2026-02-04T17:18:12.393+0800][0.034s][info][gc,init] Heap Initial Capacity: 1G
[2026-02-04T17:18:12.393+0800][0.034s][info][gc,init] Heap Max Capacity: 1G
[2026-02-04T17:18:12.393+0800][0.034s][info][gc,init] Pre-touch: Disabled
[2026-02-04T17:18:12.393+0800][0.034s][info][gc,init] Parallel Workers: 9
[2026-02-04T17:18:12.393+0800][0.034s][info][gc,init] Concurrent Workers: 2
[2026-02-04T17:18:12.393+0800][0.034s][info][gc,init] Concurrent Refinement Workers: 9
[2026-02-04T17:18:12.393+0800][0.034s][info][gc,init] Periodic GC: Disabled
[2026-02-04T17:18:12.432+0800][0.073s][info][gc,metaspace] CDS archive(s) mapped at: [0x000000f000000000-0x000000f000bf0000-0x000000f000bf0000), size 12517376, SharedBaseAddress: 0x000000f000000000, ArchiveRelocationMode: 1.
[2026-02-04T17:18:12.432+0800][0.073s][info][gc,metaspace] Compressed class space mapped at: 0x000000f001000000-0x000000f00e000000, reserved size: 218103808
[2026-02-04T17:18:12.432+0800][0.073s][info][gc,metaspace] Narrow klass base: 0x000000f000000000, Narrow klass shift: 0, Narrow klass range: 0x100000000
[2026-02-04T17:18:15.494+0800][3.135s][info][gc,start    ] GC(0) Pause Young (Normal) (G1 Evacuation Pause)
[2026-02-04T17:18:15.495+0800][3.136s][info][gc,task     ] GC(0) Using 9 workers of 9 for evacuation
[2026-02-04T17:18:15.576+0800][3.217s][info][gc,phases   ] GC(0)   Pre Evacuate Collection Set: 0.21ms
[2026-02-04T17:18:15.576+0800][3.217s][info][gc,phases   ] GC(0)   Merge Heap Roots: 0.13ms
[2026-02-04T17:18:15.576+0800][3.217s][info][gc,phases   ] GC(0)   Evacuate Collection Set: 57.36ms
[2026-02-04T17:18:15.576+0800][3.217s][info][gc,phases   ] GC(0)   Post Evacuate Collection Set: 22.68ms
[2026-02-04T17:18:15.576+0800][3.217s][info][gc,phases   ] GC(0)   Other: 1.04ms
[2026-02-04T17:18:15.576+0800][3.217s][info][gc,heap     ] GC(0) Eden regions: 341->0(298)
[2026-02-04T17:18:15.576+0800][3.217s][info][gc,heap     ] GC(0) Survivor regions: 0->43(43)
[2026-02-04T17:18:15.576+0800][3.217s][info][gc,heap     ] GC(0) Old regions: 0->89
[2026-02-04T17:18:15.576+0800][3.217s][info][gc,heap     ] GC(0) Archive regions: 2->2
[2026-02-04T17:18:15.576+0800][3.217s][info][gc,heap     ] GC(0) Humongous regions: 0->0
[2026-02-04T17:18:15.576+0800][3.217s][info][gc,metaspace] GC(0) Metaspace: 17189K(17472K)->17189K(17472K) NonClass: 15490K(15616K)->15490K(15616K) Class: 1699K(1856K)->1699K(1856K)
[2026-02-04T17:18:15.576+0800][3.217s][info][gc          ] GC(0) Pause Young (Normal) (G1 Evacuation Pause) 341M->132M(1024M) 81.488ms
[2026-02-04T17:18:15.576+0800][3.217s][info][gc,cpu      ] GC(0) User=0.08s Sys=0.05s Real=0.08s
[2026-02-04T19:01:58.473+0800][6226.001s][info][gc,start    ] GC(1) Pause Young (Normal) (G1 Evacuation Pause)
[2026-02-04T19:01:58.474+0800][6226.003s][info][gc,task     ] GC(1) Using 9 workers of 9 for evacuation
[2026-02-04T19:01:58.520+0800][6226.048s][info][gc,phases   ] GC(1)   Pre Evacuate Collection Set: 0.74ms
[2026-02-04T19:01:58.520+0800][6226.048s][info][gc,phases   ] GC(1)   Merge Heap Roots: 0.71ms
[2026-02-04T19:01:58.520+0800][6226.048s][info][gc,phases   ] GC(1)   Evacuate Collection Set: 38.57ms
[2026-02-04T19:01:58.520+0800][6226.048s][info][gc,phases   ] GC(1)   Post Evacuate Collection Set: 3.65ms
[2026-02-04T19:01:58.520+0800][6226.048s][info][gc,phases   ] GC(1)   Other: 3.62ms
[2026-02-04T19:01:58.520+0800][6226.048s][info][gc,heap     ] GC(1) Eden regions: 298->0(334)
[2026-02-04T19:01:58.520+0800][6226.048s][info][gc,heap     ] GC(1) Survivor regions: 43->7(43)
[2026-02-04T19:01:58.520+0800][6226.048s][info][gc,heap     ] GC(1) Old regions: 89->134
[2026-02-04T19:01:58.520+0800][6226.048s][info][gc,heap     ] GC(1) Archive regions: 2->2
[2026-02-04T19:01:58.520+0800][6226.048s][info][gc,heap     ] GC(1) Humongous regions: 0->0
[2026-02-04T19:01:58.520+0800][6226.049s][info][gc,metaspace] GC(1) Metaspace: 20529K(20864K)->20529K(20864K) NonClass: 18583K(18752K)->18583K(18752K) Class: 1945K(2112K)->1945K(2112K)
[2026-02-04T19:01:58.520+0800][6226.049s][info][gc          ] GC(1) Pause Young (Normal) (G1 Evacuation Pause) 430M->141M(1024M) 47.797ms
[2026-02-04T19:01:58.520+0800][6226.049s][info][gc,cpu      ] GC(1) User=0.08s Sys=0.15s Real=0.05s
=======
[2026-02-10T18:29:55.920+0800][0.005s][info][gc] Using G1
[2026-02-10T18:29:55.921+0800][0.006s][info][gc,init] Version: 17.0.18+8-LTS (release)
[2026-02-10T18:29:55.921+0800][0.006s][info][gc,init] CPUs: 10 total, 10 available
[2026-02-10T18:29:55.921+0800][0.007s][info][gc,init] Memory: 16384M
[2026-02-10T18:29:55.921+0800][0.007s][info][gc,init] Large Page Support: Disabled
[2026-02-10T18:29:55.921+0800][0.007s][info][gc,init] NUMA Support: Disabled
[2026-02-10T18:29:55.921+0800][0.007s][info][gc,init] Compressed Oops: Enabled (Zero based)
[2026-02-10T18:29:55.922+0800][0.007s][info][gc,init] Heap Region Size: 1M
[2026-02-10T18:29:55.922+0800][0.007s][info][gc,init] Heap Min Capacity: 1G
[2026-02-10T18:29:55.922+0800][0.007s][info][gc,init] Heap Initial Capacity: 1G
[2026-02-10T18:29:55.922+0800][0.007s][info][gc,init] Heap Max Capacity: 1G
[2026-02-10T18:29:55.922+0800][0.007s][info][gc,init] Pre-touch: Disabled
[2026-02-10T18:29:55.922+0800][0.007s][info][gc,init] Parallel Workers: 9
[2026-02-10T18:29:55.922+0800][0.007s][info][gc,init] Concurrent Workers: 2
[2026-02-10T18:29:55.922+0800][0.007s][info][gc,init] Concurrent Refinement Workers: 9
[2026-02-10T18:29:55.922+0800][0.007s][info][gc,init] Periodic GC: Disabled
[2026-02-10T18:29:55.927+0800][0.012s][info][gc,metaspace] CDS archive(s) mapped at: [0x0000007000000000-0x0000007000bf0000-0x0000007000bf0000), size 12517376, SharedBaseAddress: 0x0000007000000000, ArchiveRelocationMode: 1.
[2026-02-10T18:29:55.927+0800][0.012s][info][gc,metaspace] Compressed class space mapped at: 0x0000007001000000-0x000000700e000000, reserved size: 218103808
[2026-02-10T18:29:55.927+0800][0.012s][info][gc,metaspace] Narrow klass base: 0x0000007000000000, Narrow klass shift: 0, Narrow klass range: 0x100000000
>>>>>>> Stashed changes
